cuequivariance or cuequivariance_torch is not available. Cuequivariance acceleration will be disabled.

=================== NiN44 q=-1.00 ===================
  solver: fixed-point tol after 7 steps (min 5, cap 60), res 3.215e-12 vs 1.000e-07 | Newton tol, 8 outer (cap 12/call), rms 3.935e-13 vs tol 1.000e-03

[BOUND] plane-averaged channel, model potential
  int|rho|  DFT 2.0193  model 2.0275  ratio 1.004
  coupling  DFT -1.0429  model -0.5175  ratio 0.496 eV
  net       DFT -0.0001  model +0.0000 e
          z (A)    <phi>    DFT rho    mdl rho    DFT dE    mdl dE    dE gap   cum gap
    0.00-1.50     -0.062   3.33e-13   2.46e-07   +0.0000   +0.0000   +0.0000   +0.0000
    1.50-3.00     -0.321  -2.30e-13  -1.08e-08   +0.0000   +0.0000   +0.0000   +0.0000
    3.00-4.50     -0.599   9.05e-13   3.93e-08   -0.0000   +0.0000   +0.0000   +0.0000
    4.50-6.00     -0.173  -1.28e-12   2.86e-06   +0.0000   +0.0003   +0.0003   +0.0004
    6.00-7.50     15.302  -2.71e-13  -9.20e-06   -0.0000   -0.0736   -0.0736   -0.0733
    7.50-9.00      1.823   2.78e-12   6.43e-06   +0.0000   +0.0058   +0.0058   -0.0674
    9.00-10.50     1.389  -6.46e-06   7.88e-05   -0.0047   +0.0414   +0.0461   -0.0213
   10.50-12.00    -0.034   6.53e-05  -7.86e-05   -0.0013   -0.0042   -0.0029   -0.0242
   12.00-13.50    -0.144  -6.48e-05  -8.46e-07   -0.0065   -0.0005   +0.0059   -0.0183
   13.50-15.00    -0.775   1.59e-04   4.65e-04   -0.0286   -0.0782   -0.0496   -0.0679
   15.00-16.50    -1.430   1.17e-03   1.12e-03   -0.5602   -0.3947   +0.1655   +0.0976
   16.50-18.00    -3.901   1.96e-03   1.76e-03   -2.1713   -1.9465   +0.2248   +0.3224
   18.00-19.50    -3.540   1.60e-04   5.03e-05   -0.1717   -0.0615   +0.1102   +0.4326
   19.50-21.00    -2.943  -6.54e-04  -9.29e-04   +0.5313   +0.7648   +0.2336   +0.6662
   21.00-22.50    -2.393  -1.06e-03  -9.68e-04   +0.7278   +0.6645   -0.0633   +0.6029
   22.50-24.00    -1.889  -6.70e-04  -5.95e-04   +0.3638   +0.3231   -0.0407   +0.5623
   24.00-25.50    -1.434  -4.11e-04  -3.59e-04   +0.1699   +0.1485   -0.0214   +0.5409
   25.50-27.00    -1.026  -2.52e-04  -2.16e-04   +0.0746   +0.0641   -0.0105   +0.5304
   27.00-28.50    -0.666  -1.54e-04  -1.30e-04   +0.0298   +0.0251   -0.0046   +0.5257
   28.50-30.00    -0.353  -9.43e-05  -7.80e-05   +0.0098   +0.0081   -0.0017   +0.5240
   30.00-31.50    -0.088  -5.79e-05  -4.71e-05   +0.0016   +0.0013   -0.0003   +0.5238
   31.50-33.00     0.129  -3.58e-05  -2.87e-05   -0.0012   -0.0010   +0.0003   +0.5240
   33.00-34.50     0.298  -2.27e-05  -1.79e-05   -0.0019   -0.0015   +0.0004   +0.5244
   34.50-36.00     0.420  -1.52e-05  -1.18e-05   -0.0018   -0.0014   +0.0004   +0.5248
   36.00-37.50     0.494  -1.13e-05  -8.77e-06   -0.0016   -0.0012   +0.0004   +0.5252
   37.50-39.00     0.521  -3.87e-06  -2.98e-06   -0.0006   -0.0004   +0.0001   +0.5253
   39.00-40.50     0.500   1.21e-08  -4.24e-08   +0.0000   -0.0000   -0.0000   +0.5253
   40.50-42.00     0.431   2.63e-12   3.49e-07   +0.0000   +0.0000   +0.0000   +0.5253
   42.00-43.50     0.314  -3.32e-13  -7.84e-09   -0.0000   +0.0000   +0.0000   +0.5253
   43.50-45.00     0.150  -7.35e-13  -2.88e-07   -0.0000   -0.0000   -0.0000   +0.5253
  charge-weighted mean z: DFT 19.724 A, model 19.301 A, shift -0.423 A;  profile correlation +0.8747
  best single scale for the model profile +0.8699; residual after scaling 48.5% of |DFT| -- a small residual means merely scaled, a large one means misplaced in z

[IONIC] plane-averaged channel, model potential
  int|rho|  DFT 1.0000  model 1.0000  ratio 1.000
  coupling  DFT -1.9481  model -2.0925  ratio 1.074 eV
  net       DFT +1.0000  model +1.0000 e
          z (A)    <phi>    DFT rho    mdl rho    DFT dE    mdl dE    dE gap   cum gap
    0.00-1.50     -0.062   2.80e-20   6.83e-11   -0.0000   -0.0000   -0.0000   -0.0000
    1.50-3.00     -0.321   7.88e-20   7.45e-11   -0.0000   -0.0000   -0.0000   -0.0000
    3.00-4.50     -0.599   7.75e-20   8.11e-11   -0.0000   -0.0000   -0.0000   -0.0000
    4.50-6.00     -0.173   2.78e-20   1.15e-11   -0.0000   -0.0000   -0.0000   -0.0000
    6.00-7.50     15.302   1.22e-20  -9.73e-11   +0.0000   -0.0000   -0.0000   -0.0000
    7.50-9.00      1.823  -4.07e-21  -1.08e-10   +0.0000   -0.0000   -0.0000   -0.0000
    9.00-10.50     1.389   8.63e-22  -1.21e-10   -0.0000   -0.0000   -0.0000   -0.0000
   10.50-12.00    -0.034  -4.18e-20  -1.38e-10   +0.0000   +0.0000   +0.0000   -0.0000
   12.00-13.50    -0.144  -8.62e-20  -1.61e-10   +0.0000   +0.0000   +0.0000   -0.0000
   13.50-15.00    -0.775  -6.37e-20  -1.97e-10   +0.0000   +0.0000   +0.0000   -0.0000
   15.00-16.50    -1.430  -8.31e-20  -2.58e-10   +0.0000   +0.0000   +0.0000   -0.0000
   16.50-18.00    -3.901   2.55e-16   1.71e-10   -0.0000   -0.0000   -0.0000   -0.0000
   18.00-19.50    -3.540   1.25e-05   7.39e-05   -0.0117   -0.0702   -0.0585   -0.0585
   19.50-21.00    -2.943   6.70e-04   9.43e-04   -0.5447   -0.7760   -0.2313   -0.2898
   21.00-22.50    -2.393   1.08e-03   9.81e-04   -0.7404   -0.6739   +0.0665   -0.2233
   22.50-24.00    -1.889   6.79e-04   6.03e-04   -0.3690   -0.3276   +0.0414   -0.1819
   24.00-25.50    -1.434   4.17e-04   3.64e-04   -0.1722   -0.1505   +0.0216   -0.1603
   25.50-27.00    -1.026   2.55e-04   2.19e-04   -0.0756   -0.0649   +0.0107   -0.1496
   27.00-28.50    -0.666   1.56e-04   1.32e-04   -0.0301   -0.0254   +0.0047   -0.1449
   28.50-30.00    -0.353   9.55e-05   7.91e-05   -0.0099   -0.0082   +0.0017   -0.1432
   30.00-31.50    -0.088   5.87e-05   4.78e-05   -0.0016   -0.0013   +0.0003   -0.1429
   31.50-33.00     0.129   3.63e-05   2.91e-05   +0.0013   +0.0010   -0.0002   -0.1431
   33.00-34.50     0.298   2.30e-05   1.81e-05   +0.0019   +0.0015   -0.0004   -0.1435
   34.50-36.00     0.420   1.54e-05   1.20e-05   +0.0018   +0.0014   -0.0004   -0.1439
   36.00-37.50     0.494   1.14e-05   8.88e-06   +0.0016   +0.0012   -0.0004   -0.1443
   37.50-39.00     0.521   3.93e-06   3.00e-06   +0.0006   +0.0004   -0.0001   -0.1444
   39.00-40.50     0.500   7.83e-09   5.50e-09   +0.0000   +0.0000   -0.0000   -0.1444
   40.50-42.00     0.431   1.73e-16   2.43e-13   +0.0000   +0.0000   +0.0000   -0.1444
   42.00-43.50     0.314   6.11e-20   4.23e-13   +0.0000   +0.0000   +0.0000   -0.1444
   43.50-45.00     0.150   4.95e-20   1.11e-11   +0.0000   +0.0000   +0.0000   -0.1444
  charge-weighted mean z: DFT 23.285 A, model 22.824 A, shift -0.461 A;  profile correlation +0.9772
  best single scale for the model profile +0.9686; residual after scaling 21.2% of |DFT| -- a small residual means merely scaled, a large one means misplaced in z

=================== neutral ===================
  solver: fixed-point tol after 7 steps (min 5, cap 60), res 2.881e-10 vs 3.068e-07 | Newton tol, 7 outer (cap 12/call), rms 9.982e-13 vs tol 1.000e-03

[BOUND] plane-averaged channel, model potential
  int|rho|  DFT 0.3879  model 0.3769  ratio 0.972
  coupling  DFT -0.5251  model -0.5358  ratio 1.020 eV
  net       DFT +0.0002  model -0.0000 e
          z (A)    <phi>    DFT rho    mdl rho    DFT dE    mdl dE    dE gap   cum gap
    0.00-1.50     -0.452   6.38e-13  -6.14e-07   -0.0000   +0.0001   +0.0001   +0.0001
    1.50-3.00     -0.346  -2.56e-13  -8.53e-09   +0.0000   -0.0000   -0.0000   +0.0001
    3.00-4.50     -0.212   7.44e-13   2.99e-08   -0.0000   -0.0000   -0.0000   +0.0001
    4.50-6.00      0.664  -1.17e-12   2.34e-06   -0.0000   +0.0010   +0.0010   +0.0011
    6.00-7.50     16.524  -3.17e-13  -8.77e-06   -0.0000   -0.0668   -0.0668   -0.0658
    7.50-9.00      3.267   2.78e-12   6.56e-06   +0.0000   +0.0106   +0.0106   -0.0551
    9.00-10.50     2.997  -1.62e-05  -9.27e-06   -0.0192   -0.0099   +0.0093   -0.0458
   10.50-12.00     2.009  -6.74e-06   9.23e-06   -0.0037   +0.0051   +0.0088   -0.0371
   12.00-13.50     2.173   1.70e-05  -8.56e-07   +0.0086   -0.0010   -0.0097   -0.0467
   13.50-15.00     1.352  -1.96e-04  -1.14e-04   -0.0820   -0.0467   +0.0353   -0.0115
   15.00-16.50     0.463  -4.15e-04  -4.20e-04   -0.0147   -0.0925   -0.0777   -0.0892
   16.50-18.00    -2.276   5.09e-04   6.01e-04   -0.3390   -0.3803   -0.0412   -0.1305
   18.00-19.50    -2.354   1.09e-04  -6.19e-05   -0.0740   +0.0415   +0.1155   -0.0149
   19.50-21.00    -2.243   6.87e-06  -4.55e-06   -0.0044   +0.0030   +0.0073   -0.0076
   21.00-22.50    -2.138  -1.40e-06  -1.17e-07   +0.0008   +0.0001   -0.0008   -0.0084
   22.50-24.00    -2.033  -1.79e-06  -8.10e-08   +0.0010   +0.0001   -0.0010   -0.0094
   24.00-25.50    -1.927  -1.10e-06  -6.78e-08   +0.0006   +0.0000   -0.0006   -0.0099
   25.50-27.00    -1.822  -6.87e-07  -5.27e-08   +0.0004   +0.0000   -0.0003   -0.0102
   27.00-28.50    -1.717  -4.25e-07  -3.46e-08   +0.0002   +0.0000   -0.0002   -0.0104
   28.50-30.00    -1.611  -2.57e-07  -1.61e-08   +0.0001   +0.0000   -0.0001   -0.0105
   30.00-31.50    -1.506  -1.46e-07  -2.91e-09   +0.0001   +0.0000   -0.0001   -0.0106
   31.50-33.00    -1.401  -8.93e-08   6.75e-09   +0.0000   +0.0000   -0.0000   -0.0106
   33.00-34.50    -1.295  -6.00e-08   2.29e-08   +0.0000   -0.0000   -0.0000   -0.0106
   34.50-36.00    -1.190  -5.46e-08   5.71e-08   +0.0000   -0.0000   -0.0000   -0.0107
   36.00-37.50    -1.084  -4.34e-08   1.16e-07   +0.0000   -0.0000   -0.0000   -0.0107
   37.50-39.00    -0.979  -1.25e-08   7.44e-08   +0.0000   -0.0000   -0.0000   -0.0107
   39.00-40.50    -0.874   2.51e-08  -9.94e-08   -0.0000   +0.0000   +0.0000   -0.0107
   40.50-42.00    -0.768   3.42e-12  -4.60e-07   -0.0000   +0.0001   +0.0001   -0.0106
   42.00-43.50    -0.663  -4.02e-13  -6.20e-09   +0.0000   -0.0000   -0.0000   -0.0106
   43.50-45.00    -0.557  -1.10e-12   5.82e-07   +0.0000   -0.0001   -0.0001   -0.0107
  charge-weighted mean z: DFT 16.126 A, model 16.563 A, shift +0.437 A;  profile correlation +0.7064
  best single scale for the model profile +0.6289; residual after scaling 70.8% of |DFT| -- a small residual means merely scaled, a large one means misplaced in z

[IONIC] plane-averaged channel, model potential
  int|rho|  DFT 0.0041  model 0.0040  ratio 0.977
  coupling  DFT +0.0006  model -0.0001  ratio -0.155 eV
  net       DFT -0.0000  model +0.0000 e
          z (A)    <phi>    DFT rho    mdl rho    DFT dE    mdl dE    dE gap   cum gap
    0.00-1.50     -0.452  -1.21e-22  -3.18e-11   +0.0000   +0.0000   +0.0000   +0.0000
    1.50-3.00     -0.346  -3.40e-22  -3.50e-11   +0.0000   +0.0000   +0.0000   +0.0000
    3.00-4.50     -0.212   1.13e-22  -3.83e-11   -0.0000   +0.0000   +0.0000   +0.0000
    4.50-6.00      0.664  -1.18e-22  -4.18e-11   -0.0000   -0.0000   -0.0000   +0.0000
    6.00-7.50     16.524   2.13e-22  -4.57e-11   +0.0000   -0.0000   -0.0000   -0.0000
    7.50-9.00      3.267   3.60e-22  -5.01e-11   +0.0000   -0.0000   -0.0000   -0.0000
    9.00-10.50     2.997   2.72e-22  -5.53e-11   +0.0000   -0.0000   -0.0000   -0.0000
   10.50-12.00     2.009   3.13e-22  -6.16e-11   +0.0000   -0.0000   -0.0000   -0.0000
   12.00-13.50     2.173   1.65e-22  -7.01e-11   +0.0000   -0.0000   -0.0000   -0.0000
   13.50-15.00     1.352  -1.02e-22  -8.25e-11   -0.0000   -0.0000   -0.0000   -0.0000
   15.00-16.50     0.463   6.99e-22  -1.06e-10   -0.0000   -0.0000   -0.0000   -0.0000
   16.50-18.00    -2.276   1.60e-18  -6.10e-11   -0.0000   +0.0000   +0.0000   -0.0000
   18.00-19.50    -2.354   1.14e-07   5.92e-08   -0.0001   -0.0000   +0.0000   +0.0000
   19.50-21.00    -2.243  -6.41e-06   1.52e-07   +0.0041   -0.0001   -0.0042   -0.0041
   21.00-22.50    -2.138   1.51e-06   5.75e-08   -0.0009   -0.0000   +0.0009   -0.0033
   22.50-24.00    -2.033   1.79e-06   3.57e-08   -0.0010   -0.0000   +0.0010   -0.0022
   24.00-25.50    -1.927   1.13e-06   2.29e-08   -0.0006   -0.0000   +0.0006   -0.0016
   25.50-27.00    -1.822   7.25e-07   1.60e-08   -0.0004   -0.0000   +0.0004   -0.0012
   27.00-28.50    -1.717   3.90e-07   1.20e-08   -0.0002   -0.0000   +0.0002   -0.0011
   28.50-30.00    -1.611   2.63e-07   6.84e-09   -0.0001   -0.0000   +0.0001   -0.0009
   30.00-31.50    -1.506   1.94e-07  -2.54e-09   -0.0001   +0.0000   +0.0001   -0.0009
   31.50-33.00    -1.401   7.82e-08  -1.78e-08   -0.0000   +0.0000   +0.0000   -0.0008
   33.00-34.50    -1.295   7.03e-08  -4.01e-08   -0.0000   +0.0000   +0.0000   -0.0008
   34.50-36.00    -1.190   7.44e-08  -7.35e-08   -0.0000   +0.0000   +0.0001   -0.0007
   36.00-37.50    -1.084   1.87e-08  -1.28e-07   -0.0000   +0.0000   +0.0000   -0.0007
   37.50-39.00    -0.979   2.49e-08  -9.92e-08   -0.0000   +0.0000   +0.0000   -0.0006
   39.00-40.50    -0.874   6.56e-11  -4.79e-10   -0.0000   +0.0000   +0.0000   -0.0006
   40.50-42.00    -0.768   4.69e-18  -5.30e-14   -0.0000   +0.0000   +0.0000   -0.0006
   42.00-43.50    -0.663  -5.58e-24  -1.53e-13   -0.0000   +0.0000   +0.0000   -0.0006
   43.50-45.00    -0.557  -2.53e-22  -3.48e-13   +0.0000   +0.0000   +0.0000   -0.0006
  charge-weighted mean z: DFT 22.543 A, model 27.117 A, shift +4.573 A;  profile correlation -0.0215
  best single scale for the model profile -0.0444; residual after scaling 100.0% of |DFT| -- a small residual means merely scaled, a large one means misplaced in z
DONE
