PROVENANCE mace=e48faec pb=9b3b9ba sha256(poff_exact_target.py)=76fa7ca7714acd95c4652aa9a86af0941368fb92f29a94c3f0e00056e4514b5b (IDENTICAL to committed e48faec)
cuequivariance or cuequivariance_torch is not available. Cuequivariance acceleration will be disabled.
=================== NiN44 q=-1.00 ===================
  a1 HELD FIXED at the model's value; only the compensation changes. No grid change, no scaling of the correction.

[STEP 1] the correct compensation with a1 held at the model's value
  P_off*   = plane_mean(P_DFT) - a1_model * plane_mean(E_DFT)
  delta_p* = P_off* - prior_model

                          quantity          rms
         P_off* (the exact target)   3.5170e-02
                       prior_model   3.8408e-02
     p_off_model = prior + delta_p   3.7477e-02
         delta_p* (what is needed)   3.6777e-03
     delta_p (what the head gives)   9.6013e-04

  HOW MUCH THE TARGET MOVED by holding a1 fixed. The earlier round scored delta_p against prior_ref - prior_model, which is the correct p_off for the REFERENCE a1, so it charged delta_p for a1's error too.
    old target rms 1.3765e-02, new target rms 3.6777e-03, ratio 0.267, correlation between them +0.9177

  AMPLITUDE OR SHAPE -- re-decided against the correct target
                  delta_p vs  best scale     err rms  after rescale  removed     corr
          delta_p* (correct)      0.2256  2.8886e-03     4.8304e-04    83.3%  +0.8580
              the old target      0.0668  1.2850e-02     2.7837e-04    97.8%  +0.9553
  rescaling delta_p by 3.31x would leave rms 1.8503e-03 of 3.6777e-03 needed, i.e. a pure gain change removes 49.7%

[STEP 2a] WIRING CHECK ONLY, at the fixed DFT field. P_off* was built at this field, so reproducing the reference here proves the algebra and nothing physical.
    bound-charge L1 with P_off*: 0.00365 e, against 7.56925 e for the model's own p_off and an int|.| of 2.0193 e
    (the residual is the 500->600 operator discretisation plus the 0.18% by which the 3-D reconstruction differs from stored RHOB, not a modelling error)

[STEP 2b] SELF-CONSISTENT RE-SOLVE, everything else identical
   [PASS] the baseline re-solve reproduces the model's own bound charge: max abs 1.301e-18 e/A^3

                      case   net (e)   chg L1  bound L1   ion L1     cross      self     total   d total
             DFT reference   +1.0000  0.00000   0.00000  0.00000   -3.0243   +1.5237   -1.5005   +0.0000
     baseline, model p_off   +1.0000  0.63739   0.80003  0.18687   -2.6289   +1.4718   -1.1572   +0.3434
   exact P_off*, re-solved   +1.0000  0.47303   0.63902  0.19199   -3.0020   +1.4869   -1.5151   -0.0145

  mutual bound-ion term (self energy of the SUM minus the two separate self energies, so the interaction is included):
               DFT reference   -1.3112 eV
       baseline, model p_off   -1.2824 eV
     exact P_off*, re-solved   -1.1851 eV
  potential profile error against the DFT total potential:
       baseline, model p_off L1 2.7322, max 0.2915, rms 0.11093 eV
     exact P_off*, re-solved L1 5.6233, max 0.5109, rms 0.22339 eV
  solver exit fix_exit: baseline tol, P_off* tol
  solver exit newton_exit: baseline tol, P_off* tol

  VERDICT on step 2, on the aggregate and not on the bound channel alone:
       charge sum L1: 0.63739 -> 0.47303 e (BETTER, -25.8%)
            bound L1: 0.80003 -> 0.63902 e (BETTER, -20.1%)
              ion L1: 0.18687 -> 0.19199 e (worse, +2.7%)
       potential rms: 0.11093 -> 0.22339 eV (worse, +101.4%)
           cross gap: +0.3953 -> +0.0223 eV (BETTER)
            self gap: -0.0520 -> -0.0368 eV (BETTER)
           total gap: +0.3434 -> -0.0145 eV (BETTER)
              mutual: +0.0288 -> +0.1261 eV (worse)

  If the aggregate does not improve here, STOP: the compensation is not the binding problem and the next place to look is the other inputs and the self-consistent coupling, not training. If it does improve,
  step 3 asks whether the existing head can produce delta_p* within its own basis and its c_max = 0.25 clipping.

  arrays saved to poff_exact_target_arrays.npz
DONE
