cuequivariance or cuequivariance_torch is not available. Cuequivariance acceleration will be disabled.

=================== NiN44 q=-1.00 ===================

[BOUND] reference coupling -1.0429 eV, model as-is -0.5175 eV (ratio 0.496), deficit -0.5253 eV
   shift (A)   coupling    /ref  opt scale  scaled/ref   resid
      -1.500    +1.4116  -1.354     0.4571      -0.619   0.888
      -1.350    +1.1989  -1.150     0.5083      -0.584   0.860
      -1.200    +1.0091  -0.968     0.5638      -0.546   0.824
      -1.050    +0.8222  -0.788     0.6239      -0.492   0.779
      -0.900    +0.6235  -0.598     0.6840      -0.409   0.726
      -0.750    +0.4107  -0.394     0.7358      -0.290   0.673
      -0.600    +0.1905  -0.183     0.7758      -0.142   0.626
      -0.450    -0.0248   0.024     0.8087       0.019   0.582
      -0.300    -0.2190   0.210     0.8376       0.176   0.539
      -0.150    -0.3822   0.366     0.8591       0.315   0.504
      -0.000    -0.5175   0.496     0.8699       0.432   0.485
       0.150    -0.6350   0.609     0.8695       0.529   0.485
       0.300    -0.7414   0.711     0.8586       0.610   0.505
       0.450    -0.8439   0.809     0.8405       0.680   0.535
       0.600    -0.9542   0.915     0.8204       0.751   0.565
       0.750    -1.0821   1.038     0.7950       0.825   0.601
       0.900    -1.2307   1.180     0.7578       0.894   0.648
       1.050    -1.3958   1.338     0.7151       0.957   0.695
       1.200    -1.5664   1.502     0.6816       1.024   0.728
       1.350    -1.7265   1.655     0.6624       1.097   0.746
       1.500    -1.8610   1.784     0.6497       1.159   0.757
  BEST by coupling ratio: shift +0.700 A gives -1.0372 eV = 0.995 x reference (from 0.496 unshifted), recovering -51961704140594449431044835770368.0% of the deficit with shift ALONE
  BEST by profile residual: shift +0.075 A, scale 0.8711, residual 48.3% of |DFT| (unshifted residual 48.5% at shift -0.000)

[IONIC] reference coupling -1.9481 eV, model as-is -2.0925 eV (ratio 1.074), deficit +0.1444 eV
   shift (A)   coupling    /ref  opt scale  scaled/ref   resid
      -1.500    -2.6059   1.338     0.6596       0.882   0.746
      -1.350    -2.5527   1.310     0.6925       0.907   0.715
      -1.200    -2.4999   1.283     0.7264       0.932   0.680
      -1.050    -2.4474   1.256     0.7611       0.956   0.641
      -0.900    -2.3953   1.230     0.7961       0.979   0.596
      -0.750    -2.3437   1.203     0.8308       1.000   0.545
      -0.600    -2.2925   1.177     0.8643       1.017   0.489
      -0.450    -2.2418   1.151     0.8959       1.031   0.428
      -0.300    -2.1916   1.125     0.9244       1.040   0.361
      -0.150    -2.1418   1.099     0.9490       1.043   0.289
      -0.000    -2.0925   1.074     0.9686       1.040   0.212
       0.150    -2.0437   1.049     0.9824       1.031   0.133
       0.300    -1.9953   1.024     0.9899       1.014   0.052
       0.450    -1.9475   1.000     0.9906       0.990   0.035
       0.600    -1.9001   0.975     0.9845       0.960   0.116
       0.750    -1.8532   0.951     0.9721       0.925   0.196
       0.900    -1.8068   0.927     0.9537       0.885   0.272
       1.050    -1.7608   0.904     0.9304       0.841   0.345
       1.200    -1.7153   0.881     0.9029       0.795   0.413
       1.350    -1.6703   0.857     0.8724       0.748   0.475
       1.500    -1.6258   0.835     0.8398       0.701   0.531
  BEST by coupling ratio: shift +0.450 A gives -1.9475 eV = 1.000 x reference (from 1.074 unshifted), recovering 100.4% of the deficit with shift ALONE
  BEST by profile residual: shift +0.400 A, scale 0.9911, residual 1.4% of |DFT| (unshifted residual 21.2% at shift -0.000)

=================== neutral ===================

[BOUND] reference coupling -0.5251 eV, model as-is -0.5358 eV (ratio 1.020), deficit +0.0107 eV
   shift (A)   coupling    /ref  opt scale  scaled/ref   resid
      -1.500    -0.0311   0.059    -0.3408      -0.020   0.924
      -1.350    -0.0777   0.148    -0.3014      -0.045   0.941
      -1.200    -0.1351   0.257    -0.2000      -0.051   0.974
      -1.050    -0.1990   0.379    -0.0548      -0.021   0.998
      -0.900    -0.2662   0.507     0.0709       0.036   0.997
      -0.750    -0.3327   0.634     0.1267       0.080   0.990
      -0.600    -0.3964   0.755     0.1466       0.111   0.986
      -0.450    -0.4564   0.869     0.2117       0.184   0.971
      -0.300    -0.5053   0.962     0.3495       0.336   0.920
      -0.150    -0.5322   1.014     0.5067       0.514   0.822
      -0.000    -0.5358   1.020     0.6289       0.642   0.708
       0.150    -0.5221   0.994     0.6773       0.673   0.649
       0.300    -0.4929   0.939     0.6251       0.587   0.712
       0.450    -0.4463   0.850     0.5243       0.446   0.808
       0.600    -0.3859   0.735     0.4742       0.349   0.846
       0.750    -0.3199   0.609     0.4685       0.285   0.850
       0.900    -0.2536   0.483     0.4315       0.208   0.875
       1.050    -0.1897   0.361     0.3650       0.132   0.912
       1.200    -0.1316   0.251     0.2971       0.074   0.943
       1.350    -0.0837   0.159     0.1742       0.028   0.981
       1.500    -0.0475   0.090    -0.0297      -0.003   0.999
  BEST by coupling ratio: shift +0.125 A gives -0.5254 eV = 1.001 x reference (from 1.020 unshifted), recovering 97.1% of the deficit with shift ALONE
  BEST by profile residual: shift +0.150 A, scale 0.6773, residual 64.9% of |DFT| (unshifted residual 70.8% at shift -0.000)

[IONIC] reference coupling +0.0006 eV, model as-is -0.0001 eV (ratio -0.155), deficit +0.0006 eV
   shift (A)   coupling    /ref  opt scale  scaled/ref   resid
      -1.500    -0.0001  -0.155    -0.0363       0.006   1.000
      -1.350    -0.0001  -0.156     0.0054      -0.001   1.000
      -1.200    -0.0001  -0.155    -0.0385       0.006   1.000
      -1.050    -0.0001  -0.156     0.0042      -0.001   1.000
      -0.900    -0.0001  -0.155    -0.0409       0.006   1.000
      -0.750    -0.0001  -0.156     0.0029      -0.000   1.000
      -0.600    -0.0001  -0.155    -0.0433       0.007   1.000
      -0.450    -0.0001  -0.156     0.0018      -0.000   1.000
      -0.300    -0.0001  -0.155    -0.0447       0.007   1.000
      -0.150    -0.0001  -0.156     0.0020      -0.000   1.000
      -0.000    -0.0001  -0.155    -0.0444       0.007   1.000
       0.150    -0.0001  -0.155     0.0044      -0.001   1.000
       0.300    -0.0001  -0.155    -0.0421       0.007   1.000
       0.450    -0.0001  -0.155     0.0081      -0.001   1.000
       0.600    -0.0001  -0.155    -0.0387       0.006   1.000
       0.750    -0.0001  -0.155     0.0120      -0.002   1.000
       0.900    -0.0001  -0.155    -0.0344       0.005   1.000
       1.050    -0.0001  -0.155     0.0165      -0.003   1.000
       1.200    -0.0001  -0.155    -0.0284       0.004   1.000
       1.350    -0.0001  -0.155     0.0227      -0.004   1.000
       1.500    -0.0001  -0.155    -0.0199       0.003   1.000
  BEST by coupling ratio: shift +1.450 A gives -0.0001 eV = -0.155 x reference (from -0.155 unshifted), recovering 0.0% of the deficit with shift ALONE
  BEST by profile residual: shift -0.325 A, scale -0.0477, residual 100.0% of |DFT| (unshifted residual 100.0% at shift -0.000)
DONE
